Archive member included to satisfy reference by file (symbol)

build\components\finsh\libfinsh.a(cmd.o)
                              build\src\scheduler.o (list_thread)
build\components\finsh\libfinsh.a(finsh_var.o)
                              build\components\finsh\libfinsh.a(cmd.o) (global_sysvar_list)
build\components\finsh\libfinsh.a(finsh_vm.o)
                              build\components\finsh\libfinsh.a(cmd.o) (global_syscall_list)
build\components\finsh\libfinsh.a(shell.o)
                              build\bsp\startup.o (finsh_set_device)
build\components\finsh\libfinsh.a(symbol.o)
                              build\components\finsh\libfinsh.a(cmd.o) (_syscall_table_begin)
build\components\finsh\libfinsh.a(finsh_compiler.o)
                              build\components\finsh\libfinsh.a(shell.o) (finsh_compiler_run)
build\components\finsh\libfinsh.a(finsh_error.o)
                              build\components\finsh\libfinsh.a(finsh_compiler.o) (finsh_error_set)
build\components\finsh\libfinsh.a(finsh_init.o)
                              build\components\finsh\libfinsh.a(shell.o) (finsh_init)
build\components\finsh\libfinsh.a(finsh_node.o)
                              build\components\finsh\libfinsh.a(finsh_init.o) (finsh_node_init)
build\components\finsh\libfinsh.a(finsh_ops.o)
                              build\components\finsh\libfinsh.a(finsh_vm.o) (op_table)
build\components\finsh\libfinsh.a(finsh_parser.o)
                              build\components\finsh\libfinsh.a(shell.o) (finsh_parser_run)
build\components\finsh\libfinsh.a(finsh_token.o)
                              build\components\finsh\libfinsh.a(finsh_parser.o) (finsh_token_init)
build\components\finsh\libfinsh.a(finsh_heap.o)
                              build\components\finsh\libfinsh.a(finsh_init.o) (finsh_heap_init)
d:/gcc/mentorgraphics/sourcery_codebench_lite_for_arm_eabi/bin/../lib/gcc/arm-none-eabi/4.8.3/thumb2\libgcc.a(_arm_addsubdf3.o)
                              build\components\libc\minilibc\math.o (__aeabi_dsub)
d:/gcc/mentorgraphics/sourcery_codebench_lite_for_arm_eabi/bin/../lib/gcc/arm-none-eabi/4.8.3/thumb2\libgcc.a(_arm_muldivdf3.o)
                              build\components\libc\minilibc\math.o (__aeabi_dmul)
d:/gcc/mentorgraphics/sourcery_codebench_lite_for_arm_eabi/bin/../lib/gcc/arm-none-eabi/4.8.3/thumb2\libgcc.a(_arm_fixdfsi.o)
                              build\components\libc\minilibc\math.o (__aeabi_d2iz)
d:/gcc/mentorgraphics/sourcery_codebench_lite_for_arm_eabi/bin/../lib/gcc/arm-none-eabi/4.8.3/thumb2\libgcc.a(_arm_truncdfsf2.o)
                              build\components\rtgui\common\dc.o (__aeabi_d2f)
d:/gcc/mentorgraphics/sourcery_codebench_lite_for_arm_eabi/bin/../lib/gcc/arm-none-eabi/4.8.3/thumb2\libgcc.a(_arm_addsubsf3.o)
                              build\components\rtgui\common\rtgui_theme.o (__aeabi_fadd)
d:/gcc/mentorgraphics/sourcery_codebench_lite_for_arm_eabi/bin/../lib/gcc/arm-none-eabi/4.8.3/thumb2\libgcc.a(_arm_muldivsf3.o)
                              build\components\rtgui\common\dc.o (__aeabi_fmul)
d:/gcc/mentorgraphics/sourcery_codebench_lite_for_arm_eabi/bin/../lib/gcc/arm-none-eabi/4.8.3/thumb2\libgcc.a(_arm_fixunssfsi.o)
                              build\components\rtgui\common\rtgui_theme.o (__aeabi_f2uiz)

Allocating common symbols
Common symbol       size              file

switch2pt_button    0x4               build\app\gui\zvd_gui_app.o
rt_interrupt_to_thread
                    0x4               build\libcpu\arm\cortex-m3\cpuport.o
recv_rxe_msg_sem    0x20              build\app\RE_lcd\rxe_msg_proc.o
_rtgui_cursor       0x4               build\components\rtgui\server\mouse.o
rtc_dev             0x4               build\app\gui\zvd_gui_app.o
rt_interrupt_from_thread
                    0x4               build\libcpu\arm\cortex-m3\cpuport.o
global_sysvar_list  0x4               build\components\finsh\libfinsh.a(finsh_var.o)
finsh_heap          0x80              build\components\finsh\libfinsh.a(finsh_heap.o)
zvd_notebook        0x4               build\app\gui\zvd_gui_app.o
disable_buzzer      0x4               build\app\gui\zvd_gui_app.o
wb_thread           0x4               build\app\gui\gui_app_init.o
rx_header           0x4               build\components\utilities\zmodem\zcore.o
tx_poweroff_label   0x4               build\app\gui\zvd_gui_app.o
se_version          0x4               build\app\RE_lcd\info_tran.o
shell               0x4               build\components\finsh\libfinsh.a(shell.o)
print_sem           0x20              build\src\kservice.o
sys_misc_info       0x4               build\app\RE_lcd\info_tran.o
other_form          0x4               build\app\gui\zvd_gui_app.o
avg_val             0x6               build\app\gui\zvd_gui_app.o
ZF2_CMD             0x1               build\components\utilities\zmodem\zcore.o
rt_thread_switch_interrupt_flag
[...]
Memory Configuration

Name             Origin             Length             Attributes
CODE             0x08000000         0x0007d000         xr
DATA             0x20000000         0x00010000         rw
*default*        0x00000000         0xffffffff

Linker script and memory map

LOAD d:/gcc/mentorgraphics/sourcery_codebench_lite_for_arm_eabi/bin/../lib/gcc/arm-none-eabi/4.8.3/thumb2/crti.o
LOAD d:/gcc/mentorgraphics/sourcery_codebench_lite_for_arm_eabi/bin/../lib/gcc/arm-none-eabi/4.8.3/thumb2/crtbegin.o
LOAD build\bsp\application.o
LOAD build\bsp\startup.o
LOAD build\bsp\board.o
LOAD build\bsp\stm32f10x_it.o
LOAD build\bsp\rtc.o
LOAD build\bsp\usart.o
LOAD build\bsp\serial.o
LOAD build\bsp\sst25.o
LOAD build\bsp\spiflash.o
LOAD build\bsp\touch.o
LOAD build\bsp\calibration.o
LOAD build\bsp\ili_lcd_general.o
LOAD build\src\clock.o
LOAD build\src\device.o
LOAD build\src\idle.o
LOAD build\src\ipc.o
LOAD build\src\irq.o
LOAD build\src\kservice.o
LOAD build\src\mem.o
LOAD build\src\mempool.o
LOAD build\src\object.o
LOAD build\src\scheduler.o
LOAD build\src\thread.o
LOAD build\src\timer.o
LOAD build\libcpu\arm\cortex-m3\cpuport.o
LOAD build\libcpu\arm\cortex-m3\context_gcc.o
LOAD build\libcpu\arm\common\backtrace.o
LOAD build\libcpu\arm\common\div0.o
LOAD build\libcpu\arm\common\showmem.o
LOAD build\components\dfs\src\dfs.o
LOAD build\components\dfs\src\dfs_fs.o
LOAD build\components\dfs\src\dfs_file.o
LOAD build\components\dfs\src\dfs_posix.o
LOAD build\components\dfs\filesystems\elmfat\dfs_elm.o
LOAD build\components\dfs\filesystems\elmfat\ff.o
LOAD build\components\finsh\libfinsh.a
LOAD build\components\libc\minilibc\ctype.o
LOAD build\components\libc\minilibc\math.o
LOAD build\components\libc\minilibc\qsort.o
LOAD build\components\libc\minilibc\rand.o
LOAD build\components\libc\minilibc\stdlib.o
LOAD build\components\libc\minilibc\string.o
LOAD build\components\libc\minilibc\time.o
LOAD build\components\rtgui\common\blit.o
LOAD build\components\rtgui\common\color.o
LOAD build\components\rtgui\common\region.o
LOAD build\components\rtgui\common\rtgui_object.o
LOAD build\components\rtgui\common\rtgui_system.o
LOAD build\components\rtgui\common\rtgui_theme.o
LOAD build\components\rtgui\common\rtgui_xml.o
LOAD build\components\rtgui\common\dc.o
LOAD build\components\rtgui\common\dc_hw.o
LOAD build\components\rtgui\common\dc_buffer.o
LOAD build\components\rtgui\common\dc_client.o
LOAD build\components\rtgui\common\filerw.o
LOAD build\components\rtgui\common\image.o
LOAD build\components\rtgui\common\image_xpm.o
LOAD build\components\rtgui\common\image_hdc.o
LOAD build\components\rtgui\common\image_bmp.o
LOAD build\components\rtgui\common\image_png.o
LOAD build\components\rtgui\common\image_jpg.o
LOAD build\components\rtgui\common\image_container.o
LOAD build\components\rtgui\common\font.o
LOAD build\components\rtgui\common\font_bmp.o
LOAD build\components\rtgui\common\font_hz_file.o
LOAD build\components\rtgui\common\font_hz_bmp.o
LOAD build\components\rtgui\common\asc12font.o
LOAD build\components\rtgui\common\asc16font.o
LOAD build\components\rtgui\common\hz12font.o
LOAD build\components\rtgui\common\hz16font.o
LOAD build\components\rtgui\common\framebuffer_driver.o
LOAD build\components\rtgui\common\pixel_driver.o
LOAD build\components\rtgui\server\driver.o
LOAD build\components\rtgui\server\mouse.o
LOAD build\components\rtgui\server\panel.o
LOAD build\components\rtgui\server\server.o
LOAD build\components\rtgui\server\topwin.o
LOAD build\components\rtgui\widgets\box.o
LOAD build\components\rtgui\widgets\button.o
LOAD build\components\rtgui\widgets\checkbox.o
LOAD build\components\rtgui\widgets\container.o
LOAD build\components\rtgui\widgets\combobox.o
LOAD build\components\rtgui\widgets\iconbox.o
LOAD build\components\rtgui\widgets\label.o
LOAD build\components\rtgui\widgets\textview.o
LOAD build\components\rtgui\widgets\listctrl.o
LOAD build\components\rtgui\widgets\menu.o
LOAD build\components\rtgui\widgets\progressbar.o
LOAD build\components\rtgui\widgets\radiobox.o
LOAD build\components\rtgui\widgets\slider.o
LOAD build\components\rtgui\widgets\scrollbar.o
LOAD build\components\rtgui\widgets\staticline.o
LOAD build\components\rtgui\widgets\textbox.o
LOAD build\components\rtgui\widgets\listbox.o
LOAD build\components\rtgui\widgets\title.o
LOAD build\components\rtgui\widgets\toplevel.o
LOAD build\components\rtgui\widgets\notebook.o
LOAD build\components\rtgui\widgets\view.o
LOAD build\components\rtgui\widgets\list_view.o
LOAD build\components\rtgui\widgets\about_view.o
LOAD build\components\rtgui\widgets\filelist_view.o
LOAD build\components\rtgui\widgets\widget.o
LOAD build\components\rtgui\widgets\window.o
LOAD build\components\rtgui\widgets\workbench.o
LOAD build\components\utilities\zmodem\crc.o
LOAD build\components\utilities\zmodem\rz.o
LOAD build\components\utilities\zmodem\sz.o
LOAD build\components\utilities\zmodem\zcore.o
LOAD build\components\utilities\zmodem\zdevice.o
LOAD build\components\utilities\zmodem\zstart.o
LOAD build\bsp\Libraries\CMSIS\CM3\CoreSupport\core_cm3.o
LOAD build\bsp\Libraries\CMSIS\CM3\DeviceSupport\ST\STM32F10x\system_stm32f10x.o
LOAD build\bsp\Libraries\STM32F10x_StdPeriph_Driver\src\stm32f10x_crc.o
LOAD build\bsp\Libraries\STM32F10x_StdPeriph_Driver\src\stm32f10x_rcc.o
LOAD build\bsp\Libraries\STM32F10x_StdPeriph_Driver\src\stm32f10x_wwdg.o
LOAD build\bsp\Libraries\STM32F10x_StdPeriph_Driver\src\stm32f10x_pwr.o
LOAD build\bsp\Libraries\STM32F10x_StdPeriph_Driver\src\stm32f10x_exti.o
LOAD build\bsp\Libraries\STM32F10x_StdPeriph_Driver\src\stm32f10x_bkp.o
LOAD build\bsp\Libraries\STM32F10x_StdPeriph_Driver\src\stm32f10x_i2c.o
LOAD build\bsp\Libraries\STM32F10x_StdPeriph_Driver\src\stm32f10x_adc.o
LOAD build\bsp\Libraries\STM32F10x_StdPeriph_Driver\src\stm32f10x_dac.o
LOAD build\bsp\Libraries\STM32F10x_StdPeriph_Driver\src\stm32f10x_rtc.o
LOAD build\bsp\Libraries\STM32F10x_StdPeriph_Driver\src\stm32f10x_fsmc.o
LOAD build\bsp\Libraries\STM32F10x_StdPeriph_Driver\src\stm32f10x_tim.o
LOAD build\bsp\Libraries\STM32F10x_StdPeriph_Driver\src\stm32f10x_iwdg.o
LOAD build\bsp\Libraries\STM32F10x_StdPeriph_Driver\src\stm32f10x_spi.o
LOAD build\bsp\Libraries\STM32F10x_StdPeriph_Driver\src\stm32f10x_flash.o
LOAD build\bsp\Libraries\STM32F10x_StdPeriph_Driver\src\stm32f10x_sdio.o
LOAD build\bsp\Libraries\STM32F10x_StdPeriph_Driver\src\stm32f10x_gpio.o
LOAD build\bsp\Libraries\STM32F10x_StdPeriph_Driver\src\stm32f10x_usart.o
LOAD build\bsp\Libraries\STM32F10x_StdPeriph_Driver\src\stm32f10x_dbgmcu.o
LOAD build\bsp\Libraries\STM32F10x_StdPeriph_Driver\src\stm32f10x_dma.o
LOAD build\bsp\Libraries\STM32F10x_StdPeriph_Driver\src\stm32f10x_can.o
LOAD build\bsp\Libraries\STM32F10x_StdPeriph_Driver\src\stm32f10x_cec.o
LOAD build\bsp\Libraries\STM32F10x_StdPeriph_Driver\src\misc.o
LOAD build\bsp\Libraries\CMSIS\CM3\DeviceSupport\ST\STM32F10x\startup\gcc_ride7\startup_stm32f10x_hd.o
LOAD D:\workspace\Rt-thread-home\lcd_test\RT-Thread 1.0.3\database\sys_cfg_api.o
LOAD D:\workspace\Rt-thread-home\lcd_test\RT-Thread 1.0.3\database\syscfgdata.o
LOAD build\app\gui\gui_app_init.o
LOAD build\app\gui\zvd_gui_app.o
LOAD build\app\gui\mywidgets\form.o
LOAD build\app\misc\misc_lib.o
LOAD build\app\RE_lcd\info_tran.o
LOAD build\app\RE_lcd\rxe_msg_proc.o
START GROUP
LOAD d:/gcc/mentorgraphics/sourcery_codebench_lite_for_arm_eabi/bin/../lib/gcc/arm-none-eabi/4.8.3/thumb2\libgcc.a
LOAD d:/gcc/mentorgraphics/sourcery_codebench_lite_for_arm_eabi/bin/../lib/gcc/arm-none-eabi/4.8.3/../../../../arm-none-eabi/lib/thumb2\libc.a
END GROUP
LOAD d:/gcc/mentorgraphics/sourcery_codebench_lite_for_arm_eabi/bin/../lib/gcc/arm-none-eabi/4.8.3/thumb2/crtend.o
LOAD d:/gcc/mentorgraphics/sourcery_codebench_lite_for_arm_eabi/bin/../lib/gcc/arm-none-eabi/4.8.3/thumb2/crtn.o
                0x00000400                _system_stack_size = 0x400

.text           0x08000000    0x33b7c
                0x08000000                . = ALIGN (0x4)
 *(.isr_vector)
 .isr_vector    0x08000000      0x1e4 build\bsp\Libraries\CMSIS\CM3\DeviceSupport\ST\STM32F10x\startup\gcc_ride7\startup_stm32f10x_hd.o
                0x08000000                g_pfnVectors
                0x080001e4                . = ALIGN (0x4)
 *(.text)
 .text          0x080001e4       0xcc build\libcpu\arm\cortex-m3\context_gcc.o
                0x080001e4                rt_hw_interrupt_disable
                0x080001ec                rt_hw_interrupt_enable
                0x080001f2                rt_hw_context_switch_interrupt
                0x080001f2                rt_hw_context_switch
                0x08000210                PendSV_Handler
                0x0800024c                rt_hw_context_switch_to
                0x08000276                rt_hw_interrupt_thread_switch
                0x0800027a                HardFault_Handler
                0x0800028e                rt_hw_interrupt_check
 .text          0x080002b0      0x21c d:/gcc/mentorgraphics/sourcery_codebench_lite_for_arm_eabi/bin/../lib/gcc/arm-none-eabi/4.8.3/thumb2\libgcc.a(_arm_addsubsf3.o)
                0x080002b0                __aeabi_frsub
                0x080002b8                __subsf3
                0x080002b8                __aeabi_fsub
                0x080002bc                __aeabi_fadd
                0x080002bc                __addsf3
                0x0800041c                __aeabi_ui2f
                0x0800041c                __floatunsisf
                0x08000424                __aeabi_i2f
                0x08000424                __floatsisf
                0x08000440                __aeabi_ul2f
                0x08000440                __floatundisf
                0x08000450                __aeabi_l2f
                0x08000450                __floatdisf
 .text          0x080004cc      0x2a0 d:/gcc/mentorgraphics/sourcery_codebench_lite_for_arm_eabi/bin/../lib/gcc/arm-none-eabi/4.8.3/thumb2\libgcc.a(_arm_muldivsf3.o)
                0x080004cc                __mulsf3
                0x080004cc                __aeabi_fmul
                0x08000634                __aeabi_fdiv
                0x08000634                __divsf3
 .text          0x0800076c       0x40 d:/gcc/mentorgraphics/sourcery_codebench_lite_for_arm_eabi/bin/../lib/gcc/arm-none-eabi/4.8.3/thumb2\libgcc.a(_arm_fixunssfsi.o)
                0x0800076c                __fixunssfsi
                0x0800076c                __aeabi_f2uiz
 *(.text.*)
 .text.rt_sys_operation_entry
                0x080007ac       0x30 build\bsp\application.o
 .text.rt_init_thread_entry
                0x080007dc       0xdc build\bsp\application.o
                0x080007dc                rt_init_thread_entry
 .text.rt_application_init
                0x080008b8      0x140 build\bsp\application.o
                0x080008b8                rt_application_init
 .text.uart3_ack_timeout
                0x080009f8       0x5c build\bsp\application.o
                0x080009f8                uart3_ack_timeout
 .text.sys_info
                0x08000a54       0xc0 build\bsp\application.o
                0x08000a54                sys_info
 .text.set_print_sw
                0x08000b14       0x30 build\bsp\application.o
                0x08000b14                set_print_sw
 .text.assert_failed
                0x08000b44       0x34 build\bsp\startup.o
                0x08000b44                assert_failed
 .text.rtthread_startup
                0x08000b78       0x5c build\bsp\startup.o
                0x08000b78                rtthread_startup
 .text.main     0x08000bd4       0x14 build\bsp\startup.o
                0x08000bd4                main
 .text.__DSB    0x08000be8       0x10 build\bsp\board.o
 .text.NVIC_SetPriority
                0x08000bf8       0x58 build\bsp\board.o
 .text.SysTick_Config
                0x08000c50       0x54 build\bsp\board.o
 .text.NVIC_SystemReset
                0x08000ca4       0x2c build\bsp\board.o
 .text.rt_hw_board_init
                0x08000cd0       0x54 build\bsp\board.o
                0x08000cd0                rt_hw_board_init
 .text.iwdg_init
                0x08000d24       0x24 build\bsp\board.o
 .text.rt_hw_timer_handler
                0x08000d48       0x14 build\bsp\board.o
                0x08000d48                rt_hw_timer_handler
 .text.RCC_Configuration
                0x08000d5c       0x68 build\bsp\board.o
 .text.lcd_pins_cfg
                0x08000dc4       0x9c build\bsp\board.o
                0x08000dc4                lcd_pins_cfg
 .text.touch_pins_cfg
                0x08000e60       0x90 build\bsp\board.o
                0x08000e60                touch_pins_cfg
 .text.uart_pins_cfg
                0x08000ef0       0x84 build\bsp\board.o
 .text.GPIO_Configuration
                0x08000f74      0x118 build\bsp\board.o
 .text.NVIC_Configuration
                0x0800108c       0x80 build\bsp\board.o
 .text.nvic_cfg_app
                0x0800110c       0x3c build\bsp\board.o
                0x0800110c                nvic_cfg_app
 .text.reset_whole_system
                0x08001148       0x18 build\bsp\board.o
                0x08001148                reset_whole_system
 .text.blink_led
                0x08001160       0x98 build\bsp\board.o
                0x08001160                blink_led
 .text.exti_config
                0x080011f8       0x10 build\bsp\board.o
 .text.spi_config
                0x08001208       0xb4 build\bsp\board.o
 .text.lcd_fsmc_nor_mux_config
                0x080012bc       0x8c build\bsp\board.o
 .text.spix_send_byte
                0x08001348       0x48 build\bsp\board.o
                0x08001348                spix_send_byte
 .text.spix_rec_byte
                0x08001390       0x48 build\bsp\board.o
                0x08001390                spix_rec_byte
 .text.spix_send_data
                0x080013d8       0x5c build\bsp\board.o
                0x080013d8                spix_send_data
 .text.spix_rec_data
                0x08001434       0x60 build\bsp\board.o
                0x08001434                spix_rec_data
 .text.Exti_Pvd_Init
                0x08001494       0x44 build\bsp\board.o
 .text.check_poweroff_info_and_save2flash
                0x080014d8      0x308 build\bsp\board.o
                0x080014d8                check_poweroff_info_and_save2flash
 .text.read_poweroff_time_from_bkp_r
                0x080017e0       0x38 build\bsp\board.o
                0x080017e0                read_poweroff_time_from_bkp_r
 .text.SysTick_Handler
                0x08001818        0xc build\bsp\stm32f10x_it.o
                0x08001818                SysTick_Handler
 .text.DMA1_Channel2_IRQHandler
                0x08001824       0x2c build\bsp\stm32f10x_it.o
                0x08001824                DMA1_Channel2_IRQHandler
 .text.USART1_IRQHandler
                0x08001850       0x1c build\bsp\stm32f10x_it.o
                0x08001850                USART1_IRQHandler
 .text.USART2_IRQHandler
                0x0800186c        0x8 build\bsp\stm32f10x_it.o
                0x0800186c                USART2_IRQHandler
 .text.USART3_IRQHandler
                0x08001874       0x1c build\bsp\stm32f10x_it.o
                0x08001874                USART3_IRQHandler
 .text.RTC_IRQHandler
                0x08001890       0xcc build\bsp\stm32f10x_it.o
                0x08001890                RTC_IRQHandler
 .text.PVD_IRQHandler
                0x0800195c       0xb8 build\bsp\stm32f10x_it.o
                0x0800195c                PVD_IRQHandler
 .text.rt_rtc_open
                0x08001a14       0x1c build\bsp\rtc.o
 .text.rt_rtc_read
                0x08001a30       0x1c build\bsp\rtc.o
 .text.rt_rtc_control
                0x08001a4c      0x100 build\bsp\rtc.o
 .text.RTC_Configuration
                0x08001b4c       0x80 build\bsp\rtc.o
                0x08001b4c                RTC_Configuration
 .text.rt_hw_rtc_init
                0x08001bcc       0xe8 build\bsp\rtc.o
                0x08001bcc                rt_hw_rtc_init
 .text.time     0x08001cb4       0x44 build\bsp\rtc.o
                0x08001cb4                time
 .text.set_date
                0x08001cf8       0x7c build\bsp\rtc.o
                0x08001cf8                set_date
 .text.set_time
                0x08001d74       0x70 build\bsp\rtc.o
                0x08001d74                set_time
 .text.list_date
                0x08001de4       0x2c build\bsp\rtc.o
                0x08001de4                list_date
 .text.cfg_rtc_pin
                0x08001e10       0x30 build\bsp\rtc.o
                0x08001e10                cfg_rtc_pin
 .text.cali_rtc_by_clk
                0x08001e40      0x12c build\bsp\rtc.o
                0x08001e40                cali_rtc_by_clk
 .text.cali_rtc_by_sec
                0x08001f6c       0xe8 build\bsp\rtc.o
                0x08001f6c                cali_rtc_by_sec
 .text.get_rtc_cali_param
                0x08002054       0x48 build\bsp\rtc.o
                0x08002054                get_rtc_cali_param
 .text.set_rtc_cali
                0x0800209c       0x74 build\bsp\rtc.o
                0x0800209c                set_rtc_cali
 .text.DMA_Configuration_uart
                0x08002110       0x6c build\bsp\usart.o
 .text.rt_hw_usart_init
                0x0800217c      0x130 build\bsp\usart.o
                0x0800217c                rt_hw_usart_init
 .text.rt_serial_init
                0x080022ac       0xd0 build\bsp\serial.o
 .text.rt_serial_open
                0x0800237c       0x1c build\bsp\serial.o
 .text.rt_serial_close
                0x08002398       0x18 build\bsp\serial.o
 .text.rt_serial_read
                0x080023b0       0xfc build\bsp\serial.o
 .text.rt_serial_enable_dma
                0x080024ac       0x60 build\bsp\serial.o
 .text.rt_serial_write
                0x0800250c      0x1b4 build\bsp\serial.o
 .text.rt_serial_control
                0x080026c0       0x94 build\bsp\serial.o
 .text.rt_hw_serial_register
                0x08002754      0x104 build\bsp\serial.o
                0x08002754                rt_hw_serial_register
 .text.rt_hw_serial_isr
                0x08002858      0x168 build\bsp\serial.o
                0x08002858                rt_hw_serial_isr
 .text.rt_hw_serial_dma_tx_isr
                0x080029c0      0x138 build\bsp\serial.o
                0x080029c0                rt_hw_serial_dma_tx_isr
 .text.sst25_read_data
                0x08002af8       0x84 build\bsp\sst25.o
                0x08002af8                sst25_read_data
 .text.sst25_write_data_by_sector
                0x08002b7c      0x250 build\bsp\sst25.o
                0x08002b7c                sst25_write_data_by_sector
 .text.sst25_read_jedec_id
                0x08002dcc       0x5c build\bsp\sst25.o
                0x08002dcc                sst25_read_jedec_id
 .text.sst25_set_prote_level_to_none
                0x08002e28       0x6c build\bsp\sst25.o
                0x08002e28                sst25_set_prote_level_to_none
 .text.sst25_read_sr
                0x08002e94       0x4c build\bsp\sst25.o
                0x08002e94                sst25_read_sr
 .text.sst25_wait_nobusy
                0x08002ee0       0x20 build\bsp\sst25.o
 .text.sst25_write_data
                0x08002f00      0x220 build\bsp\sst25.o
                0x08002f00                sst25_write_data
 .text.flush_sfwb
                0x08003120       0x6c build\bsp\sst25.o
                0x08003120                flush_sfwb
 .text.rt_spiflash_init
                0x0800318c       0x18 build\bsp\spiflash.o
 .text.rt_spiflash_open
                0x080031a4       0x1c build\bsp\spiflash.o
 .text.rt_spiflash_close
                0x080031c0       0x18 build\bsp\spiflash.o
 .text.rt_spiflash_read
                0x080031d8       0x3c build\bsp\spiflash.o
 .text.rt_spiflash_write
                0x08003214       0x38 build\bsp\spiflash.o
 .text.rt_spiflash_control
                0x0800324c       0xa4 build\bsp\spiflash.o
 .text.rt_hw_spiflash_init
                0x080032f0      0x140 build\bsp\spiflash.o
                0x080032f0                rt_hw_spiflash_init
 .text.rt_hw_spi1_baud_rate
                0x08003430       0x4c build\bsp\touch.o
                0x08003430                rt_hw_spi1_baud_rate
 .text.WriteDataTo7843
                0x0800347c       0x20 build\bsp\touch.o
 .text.rtgui_touch_calculate
                0x0800349c      0x668 build\bsp\touch.o
 .text.touch_timeout
                0x08003b04      0x2f4 build\bsp\touch.o
                0x08003b04                touch_timeout
 .text.exti_ctrl
                0x08003df8       0x3c build\bsp\touch.o
                0x08003df8                exti_ctrl
 .text.rtgui_touch_init
                0x08003e34       0x64 build\bsp\touch.o
 .text.rtgui_touch_control
                0x08003e98       0xb8 build\bsp\touch.o
 .text.EXTI9_5_IRQHandler
                0x08003f50       0x48 build\bsp\touch.o
                0x08003f50                EXTI9_5_IRQHandler
 .text.rtgui_touch_hw_init
                0x08003f98      0x174 build\bsp\touch.o
                0x08003f98                rtgui_touch_hw_init
 .text.set_touch_param
                0x0800410c       0x20 build\bsp\touch.o
                0x0800410c                set_touch_param
 .text.rtgui_dc_draw_vline
                0x0800412c       0x24 build\bsp\calibration.o
 .text.rtgui_dc_draw_hline
                0x08004150       0x24 build\bsp\calibration.o
 .text.rtgui_dc_fill_rect
                0x08004174       0x1c build\bsp\calibration.o
 .text.calc_max_xy
                0x08004190      0x1c0 build\bsp\calibration.o
                0x08004190                calc_max_xy
 .text.calibration_data_post
                0x08004350      0x3d4 build\bsp\calibration.o
 .text.calibration_event_handler
                0x08004724      0x358 build\bsp\calibration.o
                0x08004724                calibration_event_handler
 .text.calibration_entry
                0x08004a7c      0x124 build\bsp\calibration.o
                0x08004a7c                calibration_entry
 .text.calibration_init
                0x08004ba0       0xc4 build\bsp\calibration.o
                0x08004ba0                calibration_init
 .text.calibration
                0x08004c64        0xc build\bsp\calibration.o
                0x08004c64                calibration
 .text.delay    0x08004c70       0x34 build\bsp\ili_lcd_general.o
 .text.write_cmd
                0x08004ca4       0x1c build\bsp\ili_lcd_general.o
 .text.read_data
                0x08004cc0       0x18 build\bsp\ili_lcd_general.o
 .text.write_data
                0x08004cd8       0x20 build\bsp\ili_lcd_general.o
 .text.write_reg
                0x08004cf8       0x28 build\bsp\ili_lcd_general.o
 .text.read_reg
                0x08004d20       0x2c build\bsp\ili_lcd_general.o
 .text.BGR2RGB  0x08004d4c       0x48 build\bsp\ili_lcd_general.o
 .text.lcd_SetCursor
                0x08004d94       0x38 build\bsp\ili_lcd_general.o
 .text.lcd_read_gram
                0x08004dcc       0x34 build\bsp\ili_lcd_general.o
 .text.lcd_clear
                0x08004e00       0x40 build\bsp\ili_lcd_general.o
 .text.lcd_data_bus_test
                0x08004e40       0xe4 build\bsp\ili_lcd_general.o
 .text.ili_lcdc_init
                0x08004f24      0x778 build\bsp\ili_lcd_general.o
                0x08004f24                ili_lcdc_init
 .text.rt_hw_lcd_set_pixel
                0x0800569c       0x30 build\bsp\ili_lcd_general.o
                0x0800569c                rt_hw_lcd_set_pixel
 .text.rt_hw_lcd_get_pixel
                0x080056cc       0x30 build\bsp\ili_lcd_general.o
                0x080056cc                rt_hw_lcd_get_pixel
 .text.rt_hw_lcd_draw_hline
                0x080056fc       0x4c build\bsp\ili_lcd_general.o
                0x080056fc                rt_hw_lcd_draw_hline
 .text.rt_hw_lcd_draw_vline
                0x08005748       0x4c build\bsp\ili_lcd_general.o
                0x08005748                rt_hw_lcd_draw_vline
 .text.rt_hw_lcd_draw_blit_line
                0x08005794       0x50 build\bsp\ili_lcd_general.o
                0x08005794                rt_hw_lcd_draw_blit_line
 .text.lcd_init
                0x080057e4       0x18 build\bsp\ili_lcd_general.o
 .text.lcd_open
                0x080057fc       0x1c build\bsp\ili_lcd_general.o
 .text.lcd_close
                0x08005818       0x18 build\bsp\ili_lcd_general.o
 .text.lcd_control
                0x08005830       0x80 build\bsp\ili_lcd_general.o
 .text.rt_hw_lcd_init
                0x080058b0       0xb0 build\bsp\ili_lcd_general.o
                0x080058b0                rt_hw_lcd_init
 .text.rt_system_tick_init
                0x08005960       0x18 build\src\clock.o
                0x08005960                rt_system_tick_init
 .text.rt_tick_get
                0x08005978       0x18 build\src\clock.o
                0x08005978                rt_tick_get
 .text.rt_tick_increase
                0x08005990       0x4c build\src\clock.o
                0x08005990                rt_tick_increase
 .text.rt_device_register
                0x080059dc       0x48 build\src\device.o
                0x080059dc                rt_device_register
 .text.rt_device_init_all
                0x08005a24       0x7c build\src\device.o
                0x08005a24                rt_device_init_all
 .text.rt_device_find
                0x08005aa0       0x78 build\src\device.o
                0x08005aa0                rt_device_find
 .text.rt_device_open
                0x08005b18       0xe4 build\src\device.o
                0x08005b18                rt_device_open
 .text.rt_device_close
                0x08005bfc       0x74 build\src\device.o
                0x08005bfc                rt_device_close
 .text.rt_device_read
                0x08005c70       0x70 build\src\device.o
                0x08005c70                rt_device_read
 .text.rt_device_write
                0x08005ce0       0x70 build\src\device.o
                0x08005ce0                rt_device_write
 .text.rt_device_control
                0x08005d50       0x6c build\src\device.o
                0x08005d50                rt_device_control
 .text.rt_device_set_rx_indicate
                0x08005dbc       0x50 build\src\device.o
                0x08005dbc                rt_device_set_rx_indicate
 .text.rt_list_remove
                0x08005e0c       0x34 build\src\idle.o
 .text.rt_list_isempty
                0x08005e40       0x24 build\src\idle.o
 .text.rt_thread_idle_excute
                0x08005e64       0xe8 build\src\idle.o
                0x08005e64                rt_thread_idle_excute
 .text.rt_thread_idle_entry
                0x08005f4c       0x28 build\src\idle.o
 .text.rt_thread_idle_init
                0x08005f74       0x4c build\src\idle.o
                0x08005f74                rt_thread_idle_init
 .text.rt_list_init
                0x08005fc0       0x20 build\src\ipc.o
 .text.rt_list_insert_before
                0x08005fe0       0x30 build\src\ipc.o
 .text.rt_list_isempty
                0x08006010       0x24 build\src\ipc.o
 .text.rt_ipc_object_init
                0x08006034       0x1c build\src\ipc.o
 .text.rt_ipc_list_suspend
                0x08006050       0x90 build\src\ipc.o
 .text.rt_ipc_list_resume
                0x080060e0       0x20 build\src\ipc.o
 .text.rt_ipc_list_resume_all
                0x08006100       0x48 build\src\ipc.o
 .text.rt_sem_init
                0x08006148       0x6c build\src\ipc.o
                0x08006148                rt_sem_init
 .text.rt_sem_take
                0x080061b4      0x16c build\src\ipc.o
                0x080061b4                rt_sem_take
 .text.rt_sem_release
                0x08006320       0x70 build\src\ipc.o
                0x08006320                rt_sem_release
 .text.rt_mutex_init
                0x08006390       0x80 build\src\ipc.o
                0x08006390                rt_mutex_init
 .text.rt_mutex_create
                0x08006410       0xa8 build\src\ipc.o
                0x08006410                rt_mutex_create
 .text.rt_mutex_delete
                0x080064b8       0xb0 build\src\ipc.o
                0x080064b8                rt_mutex_delete
 .text.rt_mutex_take
                0x08006568      0x1d0 build\src\ipc.o
                0x08006568                rt_mutex_take
 .text.rt_mutex_release
                0x08006738      0x100 build\src\ipc.o
                0x08006738                rt_mutex_release
 .text.rt_mb_init
                0x08006838       0x94 build\src\ipc.o
                0x08006838                rt_mb_init
 .text.rt_mb_detach
                0x080068cc       0x64 build\src\ipc.o
                0x080068cc                rt_mb_detach
 .text.rt_mb_send_wait
                0x08006930      0x20c build\src\ipc.o
                0x08006930                rt_mb_send_wait
 .text.rt_mb_send
                0x08006b3c       0x20 build\src\ipc.o
                0x08006b3c                rt_mb_send
 .text.rt_mb_recv
                0x08006b5c      0x24c build\src\ipc.o
                0x08006b5c                rt_mb_recv
 .text.rt_mq_create
                0x08006da8      0x120 build\src\ipc.o
                0x08006da8                rt_mq_create
 .text.rt_mq_delete
                0x08006ec8       0xbc build\src\ipc.o
                0x08006ec8                rt_mq_delete
 .text.rt_mq_send
                0x08006f84      0x194 build\src\ipc.o
                0x08006f84                rt_mq_send
 .text.rt_mq_urgent
                0x08007118      0x184 build\src\ipc.o
                0x08007118                rt_mq_urgent
 .text.rt_mq_recv
                0x0800729c      0x294 build\src\ipc.o
                0x0800729c                rt_mq_recv
 .text.rt_interrupt_enter
                0x08007530       0x40 build\src\irq.o
                0x08007530                rt_interrupt_enter
 .text.rt_interrupt_leave
                0x08007570       0x34 build\src\irq.o
                0x08007570                rt_interrupt_leave
 .text.rt_interrupt_get_nest
                0x080075a4       0x1c build\src\irq.o
                0x080075a4                rt_interrupt_get_nest
 .text.rt_set_errno
                0x080075c0       0x48 build\src\kservice.o
                0x080075c0                rt_set_errno
 .text.rt_memset
                0x08007608       0xb8 build\src\kservice.o
                0x08007608                rt_memset
                0x08007608                memset
 .text.rt_memcpy
                0x080076c0       0xd4 build\src\kservice.o
                0x080076c0                rt_memcpy
                0x080076c0                memcpy
 .text.rt_memmove
                0x08007794       0x84 build\src\kservice.o
                0x08007794                rt_memmove
                0x08007794                memmove
 .text.rt_memcmp
                0x08007818       0x58 build\src\kservice.o
                0x08007818                rt_memcmp
                0x08007818                memcmp
 .text.rt_strstr
                0x08007870       0x60 build\src\kservice.o
                0x08007870                rt_strstr
                0x08007870                strstr
 .text.rt_strncpy
                0x080078d0       0x64 build\src\kservice.o
                0x080078d0                rt_strncpy
 .text.rt_strncmp
                0x08007934       0x4c build\src\kservice.o
                0x08007934                rt_strncmp
 .text.rt_strlen
                0x08007980       0x30 build\src\kservice.o
                0x08007980                strlen
                0x08007980                rt_strlen
 .text.rt_strdup
                0x080079b0       0x3c build\src\kservice.o
                0x080079b0                rt_strdup
                0x080079b0                strdup
 .text.rt_show_version
                0x080079ec       0x4c build\src\kservice.o
                0x080079ec                rt_show_version
 .text.divide   0x08007a38       0x70 build\src\kservice.o
 .text.skip_atoi
                0x08007aa8       0x40 build\src\kservice.o
 .text.print_number
                0x08007ae8      0x1a0 build\src\kservice.o
 .text.vsnprintf
                0x08007c88      0x528 build\src\kservice.o
 .text.rt_snprintf
                0x080081b0       0x30 build\src\kservice.o
                0x080081b0                rt_snprintf
                0x080081b0                snprintf
 .text.rt_vsprintf
                0x080081e0       0x24 build\src\kservice.o
                0x080081e0                rt_vsprintf
                0x080081e0                vsprintf
 .text.rt_sprintf
                0x08008204       0x2c build\src\kservice.o
                0x08008204                sprintf
                0x08008204                rt_sprintf
 .text.rt_console_set_device
                0x08008230       0x68 build\src\kservice.o
                0x08008230                rt_console_set_device
 .text.rt_hw_console_output
                0x08008298       0x14 build\src\kservice.o
                0x08008298                rt_hw_console_output
 .text.rt_kprintf
                0x080082ac       0x6c build\src\kservice.o
                0x080082ac                rt_kprintf
 .text.printf_syn
                0x08008318       0x88 build\src\kservice.o
                0x08008318                printf_syn
 .text.plug_holes
                0x080083a0      0x198 build\src\mem.o
 .text.rt_system_heap_init
                0x08008538      0x188 build\src\mem.o
                0x08008538                rt_system_heap_init
 .text.rt_malloc
                0x080086c0      0x3ec build\src\mem.o
                0x080086c0                rt_malloc
 .text.rt_realloc
                0x08008aac      0x1ec build\src\mem.o
                0x08008aac                rt_realloc
 .text.rt_calloc
                0x08008c98       0x94 build\src\mem.o
                0x08008c98                rt_calloc
 .text.rt_free  0x08008d2c      0x21c build\src\mem.o
                0x08008d2c                rt_free
 .text.list_mem
                0x08008f48       0x90 build\src\mem.o
                0x08008f48                list_mem
 .text.rt_list_init
                0x08008fd8       0x20 build\src\mempool.o
 .text.rt_list_insert_after
                0x08008ff8       0x30 build\src\mempool.o
 .text.rt_mp_init
                0x08009028       0xec build\src\mempool.o
                0x08009028                rt_mp_init
 .text.rt_mp_alloc
                0x08009114      0x158 build\src\mempool.o
                0x08009114                rt_mp_alloc
 .text.rt_mp_free
                0x0800926c       0x90 build\src\mempool.o
                0x0800926c                rt_mp_free
 .text.rt_list_insert_after
                0x080092fc       0x30 build\src\object.o
 .text.rt_list_remove
                0x0800932c       0x34 build\src\object.o
 .text.rt_system_object_init
                0x08009360        0xc build\src\object.o
                0x08009360                rt_system_object_init
 .text.rt_object_init
                0x0800936c       0x74 build\src\object.o
                0x0800936c                rt_object_init
 .text.rt_object_detach
                0x080093e0       0x74 build\src\object.o
                0x080093e0                rt_object_detach
 .text.rt_object_allocate
                0x08009454       0xe4 build\src\object.o
                0x08009454                rt_object_allocate
 .text.rt_object_delete
                0x08009538       0xb4 build\src\object.o
                0x08009538                rt_object_delete
 .text.rt_object_is_systemobject
                0x080095ec       0x58 build\src\object.o
                0x080095ec                rt_object_is_systemobject
 .text.rt_list_init
                0x08009644       0x20 build\src\scheduler.o
 .text.rt_list_insert_before
                0x08009664       0x30 build\src\scheduler.o
 .text.rt_list_remove
                0x08009694       0x34 build\src\scheduler.o
 .text.rt_list_isempty
                0x080096c8       0x24 build\src\scheduler.o
 .text._rt_scheduler_stack_check
                0x080096ec       0xa8 build\src\scheduler.o
 .text.rt_system_scheduler_init
                0x08009794       0x60 build\src\scheduler.o
                0x08009794                rt_system_scheduler_init
 .text.rt_system_scheduler_start
                0x080097f4       0xd0 build\src\scheduler.o
                0x080097f4                rt_system_scheduler_start
 .text.rt_schedule
                0x080098c4      0x16c build\src\scheduler.o
                0x080098c4                rt_schedule
 .text.rt_schedule_insert_thread
                0x08009a30       0x90 build\src\scheduler.o
                0x08009a30                rt_schedule_insert_thread
 .text.rt_schedule_remove_thread
                0x08009ac0       0x94 build\src\scheduler.o
                0x08009ac0                rt_schedule_remove_thread
 .text.rt_enter_critical
                0x08009b54       0x2c build\src\scheduler.o
                0x08009b54                rt_enter_critical
 .text.rt_exit_critical
                0x08009b80       0x54 build\src\scheduler.o
                0x08009b80                rt_exit_critical
 .text.rt_list_init
                0x08009bd4       0x20 build\src\thread.o
 .text.rt_list_insert_after
                0x08009bf4       0x30 build\src\thread.o
 .text.rt_list_insert_before
                0x08009c24       0x30 build\src\thread.o
 .text.rt_list_remove
                0x08009c54       0x34 build\src\thread.o
 .text._rt_thread_init
                0x08009c88      0x10c build\src\thread.o
 .text.rt_thread_init
                0x08009d94       0xa4 build\src\thread.o
                0x08009d94                rt_thread_init
 .text.rt_thread_create
                0x08009e38       0x64 build\src\thread.o
                0x08009e38                rt_thread_create
 .text.rt_thread_self
                0x08009e9c       0x18 build\src\thread.o
                0x08009e9c                rt_thread_self
 .text.rt_thread_startup
                0x08009eb4       0xb4 build\src\thread.o
                0x08009eb4                rt_thread_startup
 .text.rt_thread_exit
                0x08009f68       0x78 build\src\thread.o
 .text.rt_thread_delete
                0x08009fe0       0x7c build\src\thread.o
                0x08009fe0                rt_thread_delete
 .text.rt_thread_yield
                0x0800a05c       0x74 build\src\thread.o
                0x0800a05c                rt_thread_yield
 .text.rt_thread_sleep
                0x0800a0d0       0x94 build\src\thread.o
                0x0800a0d0                rt_thread_sleep
 .text.rt_thread_delay
                0x0800a164       0x18 build\src\thread.o
                0x0800a164                rt_thread_delay
 .text.rt_thread_control
                0x0800a17c       0xd0 build\src\thread.o
                0x0800a17c                rt_thread_control
 .text.rt_thread_suspend
                0x0800a24c       0x70 build\src\thread.o
                0x0800a24c                rt_thread_suspend
 .text.rt_thread_resume
                0x0800a2bc       0x90 build\src\thread.o
                0x0800a2bc                rt_thread_resume
 .text.rt_thread_timeout
                0x0800a34c       0x9c build\src\thread.o
                0x0800a34c                rt_thread_timeout
 .text.rt_thread_find
                0x0800a3e8       0x7c build\src\thread.o
                0x0800a3e8                rt_thread_find
 .text.rt_list_init
                0x0800a464       0x20 build\src\timer.o
 .text.rt_list_insert_before
                0x0800a484       0x30 build\src\timer.o
 .text.rt_list_remove
                0x0800a4b4       0x34 build\src\timer.o
 .text.rt_list_isempty
                0x0800a4e8       0x24 build\src\timer.o
 .text._rt_timer_init
                0x0800a50c       0x4c build\src\timer.o
 .text.rt_timer_init
                0x0800a558       0x64 build\src\timer.o
                0x0800a558                rt_timer_init
 .text.rt_timer_detach
                0x0800a5bc       0x60 build\src\timer.o
                0x0800a5bc                rt_timer_detach
 .text.rt_timer_create
                0x0800a61c       0x40 build\src\timer.o
                0x0800a61c                rt_timer_create
 .text.rt_timer_start
                0x0800a65c      0x138 build\src\timer.o
                0x0800a65c                rt_timer_start
 .text.rt_timer_stop
                0x0800a794       0x9c build\src\timer.o
                0x0800a794                rt_timer_stop
 .text.rt_timer_control
                0x0800a830       0xa0 build\src\timer.o
                0x0800a830                rt_timer_control
 .text.rt_timer_check
                0x0800a8d0       0xcc build\src\timer.o
                0x0800a8d0                rt_timer_check
 .text.rt_system_timer_init
                0x0800a99c       0x14 build\src\timer.o
                0x0800a99c                rt_system_timer_init
 .text.rt_system_timer_thread_init
                0x0800a9b0        0xc build\src\timer.o
                0x0800a9b0                rt_system_timer_thread_init
 .text.rt_hw_stack_init
                0x0800a9bc       0xdc build\libcpu\arm\cortex-m3\cpuport.o
                0x0800a9bc                rt_hw_stack_init
 .text.rt_hw_hard_fault_exception
                0x0800aa98       0xb8 build\libcpu\arm\cortex-m3\cpuport.o
                0x0800aa98                rt_hw_hard_fault_exception
 .text.dfs_init
                0x0800ab50       0x4c build\components\dfs\src\dfs.o
                0x0800ab50                dfs_init
 .text.dfs_lock
                0x0800ab9c       0x50 build\components\dfs\src\dfs.o
                0x0800ab9c                dfs_lock
 .text.dfs_unlock
                0x0800abec       0x14 build\components\dfs\src\dfs.o
                0x0800abec                dfs_unlock
 .text.fd_new   0x0800ac00       0x6c build\components\dfs\src\dfs.o
                0x0800ac00                fd_new
 .text.fd_get   0x0800ac6c       0x58 build\components\dfs\src\dfs.o
                0x0800ac6c                fd_get
 .text.fd_put   0x0800acc4       0x64 build\components\dfs\src\dfs.o
                0x0800acc4                fd_put
 .text.fd_is_open
                0x0800ad28       0xd0 build\components\dfs\src\dfs.o
                0x0800ad28                fd_is_open
 .text.dfs_subdir
                0x0800adf8       0x50 build\components\dfs\src\dfs.o
                0x0800adf8                dfs_subdir
 .text.dfs_normalize_path
                0x0800ae48      0x208 build\components\dfs\src\dfs.o
                0x0800ae48                dfs_normalize_path
 .text.dfs_register
                0x0800b050       0xb0 build\components\dfs\src\dfs_fs.o
                0x0800b050                dfs_register
 .text.dfs_filesystem_lookup
                0x0800b100       0xe0 build\components\dfs\src\dfs_fs.o
                0x0800b100                dfs_filesystem_lookup
 .text.dfs_filesystem_get_partition
                0x0800b1e0      0x1ac build\components\dfs\src\dfs_fs.o
                0x0800b1e0                dfs_filesystem_get_partition
 .text.dfs_mount
                0x0800b38c      0x274 build\components\dfs\src\dfs_fs.o
                0x0800b38c                dfs_mount
 .text.dfs_mkfs
                0x0800b600       0x8c build\components\dfs\src\dfs_fs.o
                0x0800b600                dfs_mkfs
 .text.dfs_statfs
                0x0800b68c       0x40 build\components\dfs\src\dfs_fs.o
                0x0800b68c                dfs_statfs
 .text.mkfs_mu  0x0800b6cc       0x90 build\components\dfs\src\dfs_fs.o
                0x0800b6cc                mkfs_mu
 .text.df       0x0800b75c       0x34 build\components\dfs\src\dfs_fs.o
                0x0800b75c                df
 .text.dfs_file_open
                0x0800b790      0x12c build\components\dfs\src\dfs_file.o
                0x0800b790                dfs_file_open
 .text.dfs_file_close
                0x0800b8bc       0x54 build\components\dfs\src\dfs_file.o
                0x0800b8bc                dfs_file_close
 .text.dfs_file_read
                0x0800b910       0x60 build\components\dfs\src\dfs_file.o
                0x0800b910                dfs_file_read
 .text.dfs_file_getdents
                0x0800b970       0x50 build\components\dfs\src\dfs_file.o
                0x0800b970                dfs_file_getdents
 .text.dfs_file_unlink
                0x0800b9c0       0xb4 build\components\dfs\src\dfs_file.o
                0x0800b9c0                dfs_file_unlink
 .text.dfs_file_write
                0x0800ba74       0x48 build\components\dfs\src\dfs_file.o
                0x0800ba74                dfs_file_write
 .text.dfs_file_lseek
                0x0800babc       0x50 build\components\dfs\src\dfs_file.o
                0x0800babc                dfs_file_lseek
 .text.dfs_file_stat
                0x0800bb0c       0xe0 build\components\dfs\src\dfs_file.o
                0x0800bb0c                dfs_file_stat
 .text.ls       0x0800bbec      0x144 build\components\dfs\src\dfs_file.o
                0x0800bbec                ls
 .text.rm       0x0800bd30       0x30 build\components\dfs\src\dfs_file.o
                0x0800bd30                rm
 .text.cat      0x0800bd60       0x84 build\components\dfs\src\dfs_file.o
                0x0800bd60                cat
 .text.copy     0x0800bde4       0xdc build\components\dfs\src\dfs_file.o
                0x0800bde4                copy
 .text.open     0x0800bec0       0x68 build\components\dfs\src\dfs_posix.o
                0x0800bec0                open
 .text.close    0x0800bf28       0x54 build\components\dfs\src\dfs_posix.o
                0x0800bf28                close
 .text.read     0x0800bf7c       0x5c build\components\dfs\src\dfs_posix.o
                0x0800bf7c                read
 .text.write    0x0800bfd8       0x5c build\components\dfs\src\dfs_posix.o
                0x0800bfd8                write
 .text.lseek    0x0800c034       0xa8 build\components\dfs\src\dfs_posix.o
                0x0800c034                lseek
 .text.unlink   0x0800c0dc       0x2c build\components\dfs\src\dfs_posix.o
                0x0800c0dc                unlink
 .text.fstat    0x0800c108       0x84 build\components\dfs\src\dfs_posix.o
                0x0800c108                fstat
 .text.mkdir    0x0800c18c       0x74 build\components\dfs\src\dfs_posix.o
                0x0800c18c                mkdir
 .text.elm_result_to_dfs
                0x0800c200       0xa0 build\components\dfs\filesystems\elmfat\dfs_elm.o
 .text.dfs_elm_mount
                0x0800c2a0       0xf8 build\components\dfs\filesystems\elmfat\dfs_elm.o
                0x0800c2a0                dfs_elm_mount
 .text.dfs_elm_unmount
                0x0800c398       0xac build\components\dfs\filesystems\elmfat\dfs_elm.o
                0x0800c398                dfs_elm_unmount
 .text.dfs_elm_mkfs
                0x0800c444       0x94 build\components\dfs\filesystems\elmfat\dfs_elm.o
                0x0800c444                dfs_elm_mkfs
 .text.dfs_elm_statfs
                0x0800c4d8       0xf8 build\components\dfs\filesystems\elmfat\dfs_elm.o
                0x0800c4d8                dfs_elm_statfs
 .text.dfs_elm_open
                0x0800c5d0      0x1d4 build\components\dfs\filesystems\elmfat\dfs_elm.o
                0x0800c5d0                dfs_elm_open
 .text.dfs_elm_close
                0x0800c7a4       0xc0 build\components\dfs\filesystems\elmfat\dfs_elm.o
                0x0800c7a4                dfs_elm_close
 .text.dfs_elm_ioctl
                0x0800c864       0x1c build\components\dfs\filesystems\elmfat\dfs_elm.o
                0x0800c864                dfs_elm_ioctl
 .text.dfs_elm_read
                0x0800c880       0x8c build\components\dfs\filesystems\elmfat\dfs_elm.o
                0x0800c880                dfs_elm_read
 .text.dfs_elm_write
                0x0800c90c       0x94 build\components\dfs\filesystems\elmfat\dfs_elm.o
                0x0800c90c                dfs_elm_write
 .text.dfs_elm_flush
                0x0800c9a0       0x60 build\components\dfs\filesystems\elmfat\dfs_elm.o
                0x0800c9a0                dfs_elm_flush
 .text.dfs_elm_lseek
                0x0800ca00       0xf8 build\components\dfs\filesystems\elmfat\dfs_elm.o
                0x0800ca00                dfs_elm_lseek
 .text.dfs_elm_getdents
                0x0800caf8      0x150 build\components\dfs\filesystems\elmfat\dfs_elm.o
                0x0800caf8                dfs_elm_getdents
 .text.dfs_elm_unlink
                0x0800cc48       0x74 build\components\dfs\filesystems\elmfat\dfs_elm.o
                0x0800cc48                dfs_elm_unlink
 .text.dfs_elm_rename
                0x0800ccbc       0x7c build\components\dfs\filesystems\elmfat\dfs_elm.o
                0x0800ccbc                dfs_elm_rename
 .text.dfs_elm_stat
                0x0800cd38       0xec build\components\dfs\filesystems\elmfat\dfs_elm.o
                0x0800cd38                dfs_elm_stat
 .text.elm_init
                0x0800ce24       0x18 build\components\dfs\filesystems\elmfat\dfs_elm.o
                0x0800ce24                elm_init
 .text.disk_initialize
                0x0800ce3c       0x18 build\components\dfs\filesystems\elmfat\dfs_elm.o
                0x0800ce3c                disk_initialize
 .text.disk_status
                0x0800ce54       0x18 build\components\dfs\filesystems\elmfat\dfs_elm.o
                0x0800ce54                disk_status
 .text.disk_read
                0x0800ce6c       0x48 build\components\dfs\filesystems\elmfat\dfs_elm.o
                0x0800ce6c                disk_read
 .text.disk_write
                0x0800ceb4       0x48 build\components\dfs\filesystems\elmfat\dfs_elm.o
                0x0800ceb4                disk_write
 .text.disk_ioctl
                0x0800cefc       0xe8 build\components\dfs\filesystems\elmfat\dfs_elm.o
                0x0800cefc                disk_ioctl
 .text.get_fattime
                0x0800cfe4       0x10 build\components\dfs\filesystems\elmfat\dfs_elm.o
                0x0800cfe4                get_fattime
 .text.ff_cre_syncobj
                0x0800cff4       0x4c build\components\dfs\filesystems\elmfat\dfs_elm.o
                0x0800cff4                ff_cre_syncobj
 .text.ff_del_syncobj
                0x0800d040       0x18 build\components\dfs\filesystems\elmfat\dfs_elm.o
                0x0800d040                ff_del_syncobj
 .text.ff_req_grant
                0x0800d058       0x28 build\components\dfs\filesystems\elmfat\dfs_elm.o
                0x0800d058                ff_req_grant
 .text.ff_rel_grant
                0x0800d080       0x14 build\components\dfs\filesystems\elmfat\dfs_elm.o
                0x0800d080                ff_rel_grant
 .text.mem_cpy  0x0800d094       0x5c build\components\dfs\filesystems\elmfat\ff.o
 .text.mem_set  0x0800d0f0       0x34 build\components\dfs\filesystems\elmfat\ff.o
 .text.mem_cmp  0x0800d124       0x50 build\components\dfs\filesystems\elmfat\ff.o
 .text.chk_chr  0x0800d174       0x38 build\components\dfs\filesystems\elmfat\ff.o
 .text.lock_fs  0x0800d1ac       0x1c build\components\dfs\filesystems\elmfat\ff.o
 .text.unlock_fs
                0x0800d1c8       0x34 build\components\dfs\filesystems\elmfat\ff.o
 .text.move_window
                0x0800d1fc       0xbc build\components\dfs\filesystems\elmfat\ff.o
 .text.sync     0x0800d2b8       0xc8 build\components\dfs\filesystems\elmfat\ff.o
 .text.clust2sect
                0x0800d380       0x3c build\components\dfs\filesystems\elmfat\ff.o
                0x0800d380                clust2sect
 .text.get_fat  0x0800d3bc      0x128 build\components\dfs\filesystems\elmfat\ff.o
                0x0800d3bc                get_fat
 .text.put_fat  0x0800d4e4      0x1a4 build\components\dfs\filesystems\elmfat\ff.o
                0x0800d4e4                put_fat
 .text.remove_chain
                0x0800d688       0x9c build\components\dfs\filesystems\elmfat\ff.o
 .text.create_chain
                0x0800d724      0x118 build\components\dfs\filesystems\elmfat\ff.o
 .text.clmt_clust
                0x0800d83c       0x68 build\components\dfs\filesystems\elmfat\ff.o
 .text.dir_sdi  0x0800d8a4      0x104 build\components\dfs\filesystems\elmfat\ff.o
 .text.dir_next
                0x0800d9a8      0x1a8 build\components\dfs\filesystems\elmfat\ff.o
 .text.dir_find
                0x0800db50       0x94 build\components\dfs\filesystems\elmfat\ff.o
 .text.dir_read
                0x0800dbe4       0x90 build\components\dfs\filesystems\elmfat\ff.o
 .text.dir_register
                0x0800dc74       0xac build\components\dfs\filesystems\elmfat\ff.o
 .text.dir_remove
                0x0800dd20       0x54 build\components\dfs\filesystems\elmfat\ff.o
 .text.create_name
                0x0800dd74      0x228 build\components\dfs\filesystems\elmfat\ff.o
 .text.get_fileinfo
                0x0800df9c       0xd0 build\components\dfs\filesystems\elmfat\ff.o
 .text.follow_path
                0x0800e06c       0xd0 build\components\dfs\filesystems\elmfat\ff.o
 .text.check_fs
                0x0800e13c       0x7c build\components\dfs\filesystems\elmfat\ff.o
 .text.chk_mounted
                0x0800e1b8      0x3e4 build\components\dfs\filesystems\elmfat\ff.o
 .text.validate
                0x0800e59c       0x5c build\components\dfs\filesystems\elmfat\ff.o
 .text.f_mount  0x0800e5f8       0x84 build\components\dfs\filesystems\elmfat\ff.o
                0x0800e5f8                f_mount
 .text.f_open   0x0800e67c      0x234 build\components\dfs\filesystems\elmfat\ff.o
                0x0800e67c                f_open
 .text.f_read   0x0800e8b0      0x348 build\components\dfs\filesystems\elmfat\ff.o
                0x0800e8b0                f_read
 .text.f_write  0x0800ebf8      0x3a8 build\components\dfs\filesystems\elmfat\ff.o
                0x0800ebf8                f_write
 .text.f_sync   0x0800efa0      0x11c build\components\dfs\filesystems\elmfat\ff.o
                0x0800efa0                f_sync
 .text.f_close  0x0800f0bc       0x28 build\components\dfs\filesystems\elmfat\ff.o
                0x0800f0bc                f_close
 .text.f_lseek  0x0800f0e4      0x560 build\components\dfs\filesystems\elmfat\ff.o
                0x0800f0e4                f_lseek
 .text.f_opendir
                0x0800f644       0xb4 build\components\dfs\filesystems\elmfat\ff.o
                0x0800f644                f_opendir
 .text.f_readdir
                0x0800f6f8       0x9c build\components\dfs\filesystems\elmfat\ff.o
                0x0800f6f8                f_readdir
 .text.f_seekdir
                0x0800f794       0x60 build\components\dfs\filesystems\elmfat\ff.o
                0x0800f794                f_seekdir
 .text.f_stat   0x0800f7f4       0x80 build\components\dfs\filesystems\elmfat\ff.o
                0x0800f7f4                f_stat
 .text.f_getfree
                0x0800f874      0x180 build\components\dfs\filesystems\elmfat\ff.o
                0x0800f874                f_getfree
 .text.f_unlink
                0x0800f9f4      0x16c build\components\dfs\filesystems\elmfat\ff.o
                0x0800f9f4                f_unlink
 .text.f_mkdir  0x0800fb60      0x228 build\components\dfs\filesystems\elmfat\ff.o
                0x0800fb60                f_mkdir
 .text.f_rename
                0x0800fd88      0x1dc build\components\dfs\filesystems\elmfat\ff.o
                0x0800fd88                f_rename
 .text.f_mkfs   0x0800ff64      0x660 build\components\dfs\filesystems\elmfat\ff.o
                0x0800ff64                f_mkfs
 .text.elm_get_vol
                0x080105c4       0x44 build\components\dfs\filesystems\elmfat\ff.o
                0x080105c4                elm_get_vol
 .text.rt_list_isempty
                0x08010608       0x24 build\components\finsh\libfinsh.a(cmd.o)
 .text.rt_list_len
                0x0801062c       0x38 build\components\finsh\libfinsh.a(cmd.o)
 .text.syn_sysdata
                0x08010664       0x20 build\components\finsh\libfinsh.a(cmd.o)
                0x08010664                syn_sysdata
 .text.reset_system
                0x08010684       0x1c build\components\finsh\libfinsh.a(cmd.o)
                0x08010684                reset_system
 .text._list_thread
                0x080106a0      0x120 build\components\finsh\libfinsh.a(cmd.o)
 .text.list_thread
                0x080107c0       0x14 build\components\finsh\libfinsh.a(cmd.o)
                0x080107c0                list_thread
 .text.show_wait_queue
                0x080107d4       0x50 build\components\finsh\libfinsh.a(cmd.o)
 .text._list_sem
                0x08010824       0xb8 build\components\finsh\libfinsh.a(cmd.o)
 .text.list_sem
                0x080108dc       0x14 build\components\finsh\libfinsh.a(cmd.o)
                0x080108dc                list_sem
 .text._list_event
                0x080108f0       0xa8 build\components\finsh\libfinsh.a(cmd.o)
 .text.list_event
                0x08010998       0x14 build\components\finsh\libfinsh.a(cmd.o)
                0x08010998                list_event
 .text._list_mutex
                0x080109ac       0x74 build\components\finsh\libfinsh.a(cmd.o)
 .text.list_mutex
                0x08010a20       0x14 build\components\finsh\libfinsh.a(cmd.o)
                0x08010a20                list_mutex
 .text._list_mailbox
                0x08010a34       0xcc build\components\finsh\libfinsh.a(cmd.o)
 .text.list_mailbox
                0x08010b00       0x14 build\components\finsh\libfinsh.a(cmd.o)
                0x08010b00                list_mailbox
 .text._list_msgqueue
                0x08010b14       0xb8 build\components\finsh\libfinsh.a(cmd.o)
 .text.list_msgqueue
                0x08010bcc       0x14 build\components\finsh\libfinsh.a(cmd.o)
                0x08010bcc                list_msgqueue
 .text._list_mempool
                0x08010be0       0xac build\components\finsh\libfinsh.a(cmd.o)
 .text.list_mempool
                0x08010c8c       0x14 build\components\finsh\libfinsh.a(cmd.o)
                0x08010c8c                list_mempool
 .text._list_timer
                0x08010ca0       0x98 build\components\finsh\libfinsh.a(cmd.o)
 .text.list_timer
                0x08010d38       0x14 build\components\finsh\libfinsh.a(cmd.o)
                0x08010d38                list_timer
 .text._list_device
                0x08010d4c       0x98 build\components\finsh\libfinsh.a(cmd.o)
 .text.list_device
                0x08010de4       0x14 build\components\finsh\libfinsh.a(cmd.o)
                0x08010de4                list_device
 .text.list     0x08010df8       0xf8 build\components\finsh\libfinsh.a(cmd.o)
                0x08010df8                list
 .text.str_is_prefix
                0x08010ef0       0x48 build\components\finsh\libfinsh.a(cmd.o)
 .text.list_prefix
                0x08010f38      0x1c8 build\components\finsh\libfinsh.a(cmd.o)
                0x08010f38                list_prefix
 .text.finsh_var_init
                0x08011100       0x1c build\components\finsh\libfinsh.a(finsh_var.o)
                0x08011100                finsh_var_init
 .text.finsh_var_insert
                0x0801111c       0xc8 build\components\finsh\libfinsh.a(finsh_var.o)
                0x0801111c                finsh_var_insert
 .text.finsh_var_lookup
                0x080111e4       0x68 build\components\finsh\libfinsh.a(finsh_var.o)
                0x080111e4                finsh_var_lookup
 .text.finsh_sysvar_lookup
                0x0801124c       0x88 build\components\finsh\libfinsh.a(finsh_var.o)
                0x0801124c                finsh_sysvar_lookup
 .text.finsh_vm_run
                0x080112d4       0x94 build\components\finsh\libfinsh.a(finsh_vm.o)
                0x080112d4                finsh_vm_run
 .text.finsh_syscall_lookup
                0x08011368       0x88 build\components\finsh\libfinsh.a(finsh_vm.o)
                0x08011368                finsh_syscall_lookup
 .text.finsh_rx_ind
                0x080113f0       0x60 build\components\finsh\libfinsh.a(shell.o)
 .text.finsh_set_device
                0x08011450       0xbc build\components\finsh\libfinsh.a(shell.o)
                0x08011450                finsh_set_device
 .text.finsh_get_device
                0x0801150c       0x58 build\components\finsh\libfinsh.a(shell.o)
                0x0801150c                finsh_get_device
 .text.finsh_auto_complete
                0x08011564       0x38 build\components\finsh\libfinsh.a(shell.o)
                0x08011564                finsh_auto_complete
 .text.finsh_run_line
                0x0801159c       0x6c build\components\finsh\libfinsh.a(shell.o)
                0x0801159c                finsh_run_line
 .text.finsh_handle_history
                0x08011608      0x1b0 build\components\finsh\libfinsh.a(shell.o)
                0x08011608                finsh_handle_history
 .text.finsh_push_history
                0x080117b8      0x124 build\components\finsh\libfinsh.a(shell.o)
                0x080117b8                finsh_push_history
 .text.finsh_thread_entry
                0x080118dc      0x314 build\components\finsh\libfinsh.a(shell.o)
                0x080118dc                finsh_thread_entry
 .text.finsh_system_function_init
                0x08011bf0       0x2c build\components\finsh\libfinsh.a(shell.o)
                0x08011bf0                finsh_system_function_init
 .text.finsh_system_var_init
                0x08011c1c       0x2c build\components\finsh\libfinsh.a(shell.o)
                0x08011c1c                finsh_system_var_init
 .text.finsh_system_init
                0x08011c48       0xe0 build\components\finsh\libfinsh.a(shell.o)
                0x08011c48                finsh_system_init
 .text.finsh_compile
                0x08011d28     0x25f8 build\components\finsh\libfinsh.a(finsh_compiler.o)
 .text.finsh_type_check
                0x08014320      0x218 build\components\finsh\libfinsh.a(finsh_compiler.o)
 .text.finsh_compiler_run
                0x08014538       0xac build\components\finsh\libfinsh.a(finsh_compiler.o)
                0x08014538                finsh_compiler_run
 .text.finsh_error_init
                0x080145e4       0x1c build\components\finsh\libfinsh.a(finsh_error.o)
                0x080145e4                finsh_error_init
 .text.finsh_error_set
                0x08014600       0x24 build\components\finsh\libfinsh.a(finsh_error.o)
                0x08014600                finsh_error_set
 .text.finsh_errno
                0x08014624       0x18 build\components\finsh\libfinsh.a(finsh_error.o)
                0x08014624                finsh_errno
 .text.finsh_error_string
                0x0801463c       0x24 build\components\finsh\libfinsh.a(finsh_error.o)
                0x0801463c                finsh_error_string
 .text.finsh_init
                0x08014660       0x28 build\components\finsh\libfinsh.a(finsh_init.o)
                0x08014660                finsh_init
 .text.finsh_flush
                0x08014688       0x20 build\components\finsh\libfinsh.a(finsh_init.o)
                0x08014688                finsh_flush
 .text.finsh_node_init
                0x080146a8       0x1c build\components\finsh\libfinsh.a(finsh_node.o)
                0x080146a8                finsh_node_init
 .text.finsh_node_allocate
                0x080146c4       0x7c build\components\finsh\libfinsh.a(finsh_node.o)
                0x080146c4                finsh_node_allocate
 .text.finsh_node_new_id
                0x08014740       0xac build\components\finsh\libfinsh.a(finsh_node.o)
                0x08014740                finsh_node_new_id
 .text.finsh_node_new_char
                0x080147ec       0x34 build\components\finsh\libfinsh.a(finsh_node.o)
                0x080147ec                finsh_node_new_char
 .text.finsh_node_new_int
                0x08014820       0x30 build\components\finsh\libfinsh.a(finsh_node.o)
                0x08014820                finsh_node_new_int
 .text.finsh_node_new_long
                0x08014850       0x30 build\components\finsh\libfinsh.a(finsh_node.o)
                0x08014850                finsh_node_new_long
 .text.finsh_node_new_string
                0x08014880       0x68 build\components\finsh\libfinsh.a(finsh_node.o)
                0x08014880                finsh_node_new_string
 .text.finsh_node_new_ptr
                0x080148e8       0x30 build\components\finsh\libfinsh.a(finsh_node.o)
                0x080148e8                finsh_node_new_ptr
 .text.OP_no_op
                0x08014918       0x10 build\components\finsh\libfinsh.a(finsh_ops.o)
                0x08014918                OP_no_op
 .text.OP_add_byte
                0x08014928       0x54 build\components\finsh\libfinsh.a(finsh_ops.o)
                0x08014928                OP_add_byte
 .text.OP_add_word
                0x0801497c       0x5c build\components\finsh\libfinsh.a(finsh_ops.o)
                0x0801497c                OP_add_word
 .text.OP_add_dword
                0x080149d8       0x54 build\components\finsh\libfinsh.a(finsh_ops.o)
                0x080149d8                OP_add_dword
 .text.OP_sub_byte
                0x08014a2c       0x54 build\components\finsh\libfinsh.a(finsh_ops.o)
                0x08014a2c                OP_sub_byte
 .text.OP_sub_word
                0x08014a80       0x5c build\components\finsh\libfinsh.a(finsh_ops.o)
                0x08014a80                OP_sub_word
 .text.OP_sub_dword
                0x08014adc       0x54 build\components\finsh\libfinsh.a(finsh_ops.o)
                0x08014adc                OP_sub_dword
 .text.OP_div_byte
                0x08014b30       0x58 build\components\finsh\libfinsh.a(finsh_ops.o)
                0x08014b30                OP_div_byte
 .text.OP_div_word
                0x08014b88       0x5c build\components\finsh\libfinsh.a(finsh_ops.o)
                0x08014b88                OP_div_word
 .text.OP_div_dword
                0x08014be4       0x54 build\components\finsh\libfinsh.a(finsh_ops.o)
                0x08014be4                OP_div_dword
 .text.OP_mod_byte
                0x08014c38       0x5c build\components\finsh\libfinsh.a(finsh_ops.o)
                0x08014c38                OP_mod_byte
 .text.OP_mod_word
                0x08014c94       0x60 build\components\finsh\libfinsh.a(finsh_ops.o)
                0x08014c94                OP_mod_word
 .text.OP_mod_dword
                0x08014cf4       0x5c build\components\finsh\libfinsh.a(finsh_ops.o)
                0x08014cf4                OP_mod_dword
 .text.OP_mul_byte
                0x08014d50       0x58 build\components\finsh\libfinsh.a(finsh_ops.o)
                0x08014d50                OP_mul_byte
 .text.OP_mul_word
                0x08014da8       0x5c build\components\finsh\libfinsh.a(finsh_ops.o)
                0x08014da8                OP_mul_word
 .text.OP_mul_dword
                0x08014e04       0x54 build\components\finsh\libfinsh.a(finsh_ops.o)
                0x08014e04                OP_mul_dword
 .text.OP_and_byte
                0x08014e58       0x54 build\components\finsh\libfinsh.a(finsh_ops.o)
                0x08014e58                OP_and_byte
 .text.OP_and_word
                0x08014eac       0x54 build\components\finsh\libfinsh.a(finsh_ops.o)
                0x08014eac                OP_and_word
 .text.OP_and_dword
                0x08014f00       0x54 build\components\finsh\libfinsh.a(finsh_ops.o)
                0x08014f00                OP_and_dword
 .text.OP_or_byte
                0x08014f54       0x54 build\components\finsh\libfinsh.a(finsh_ops.o)
                0x08014f54                OP_or_byte
 .text.OP_or_word
                0x08014fa8       0x54 build\components\finsh\libfinsh.a(finsh_ops.o)
                0x08014fa8                OP_or_word
 .text.OP_or_dword
                0x08014ffc       0x54 build\components\finsh\libfinsh.a(finsh_ops.o)
                0x08014ffc                OP_or_dword
 .text.OP_xor_byte
                0x08015050       0x54 build\components\finsh\libfinsh.a(finsh_ops.o)
                0x08015050                OP_xor_byte
 .text.OP_xor_word
                0x080150a4       0x54 build\components\finsh\libfinsh.a(finsh_ops.o)
                0x080150a4                OP_xor_word
 .text.OP_xor_dword
                0x080150f8       0x54 build\components\finsh\libfinsh.a(finsh_ops.o)
                0x080150f8                OP_xor_dword
 .text.OP_bw_byte
                0x0801514c       0x30 build\components\finsh\libfinsh.a(finsh_ops.o)
                0x0801514c                OP_bw_byte
 .text.OP_bw_word
                0x0801517c       0x30 build\components\finsh\libfinsh.a(finsh_ops.o)
                0x0801517c                OP_bw_word
 .text.OP_bw_dword
                0x080151ac       0x2c build\components\finsh\libfinsh.a(finsh_ops.o)
                0x080151ac                OP_bw_dword
 .text.OP_shl_byte
                0x080151d8       0x58 build\components\finsh\libfinsh.a(finsh_ops.o)
                0x080151d8                OP_shl_byte
 .text.OP_shl_word
                0x08015230       0x5c build\components\finsh\libfinsh.a(finsh_ops.o)
                0x08015230                OP_shl_word
 .text.OP_shl_dword
                0x0801528c       0x54 build\components\finsh\libfinsh.a(finsh_ops.o)
                0x0801528c                OP_shl_dword
 .text.OP_shr_byte
                0x080152e0       0x58 build\components\finsh\libfinsh.a(finsh_ops.o)
                0x080152e0                OP_shr_byte
 .text.OP_shr_word
                0x08015338       0x5c build\components\finsh\libfinsh.a(finsh_ops.o)
                0x08015338                OP_shr_word
 .text.OP_shr_dword
                0x08015394       0x54 build\components\finsh\libfinsh.a(finsh_ops.o)
                0x08015394                OP_shr_dword
 .text.OP_ld_byte
                0x080153e8       0x54 build\components\finsh\libfinsh.a(finsh_ops.o)
                0x080153e8                OP_ld_byte
 .text.OP_ld_word
                0x0801543c       0x6c build\components\finsh\libfinsh.a(finsh_ops.o)
                0x0801543c                OP_ld_word
 .text.OP_ld_dword
                0x080154a8       0x8c build\components\finsh\libfinsh.a(finsh_ops.o)
                0x080154a8                OP_ld_dword
 .text.OP_ld_value_byte
                0x08015534       0x94 build\components\finsh\libfinsh.a(finsh_ops.o)
                0x08015534                OP_ld_value_byte
 .text.OP_ld_value_byte_stack
                0x080155c8       0x34 build\components\finsh\libfinsh.a(finsh_ops.o)
                0x080155c8                OP_ld_value_byte_stack
 .text.OP_ld_value_word
                0x080155fc       0x94 build\components\finsh\libfinsh.a(finsh_ops.o)
                0x080155fc                OP_ld_value_word
 .text.OP_ld_value_word_stack
                0x08015690       0x34 build\components\finsh\libfinsh.a(finsh_ops.o)
                0x08015690                OP_ld_value_word_stack
 .text.OP_ld_value_dword
                0x080156c4       0x94 build\components\finsh\libfinsh.a(finsh_ops.o)
                0x080156c4                OP_ld_value_dword
 .text.OP_ld_value_dword_stack
                0x08015758       0x34 build\components\finsh\libfinsh.a(finsh_ops.o)
                0x08015758                OP_ld_value_dword_stack
 .text.OP_st_byte
                0x0801578c       0x44 build\components\finsh\libfinsh.a(finsh_ops.o)
                0x0801578c                OP_st_byte
 .text.OP_st_word
                0x080157d0       0x44 build\components\finsh\libfinsh.a(finsh_ops.o)
                0x080157d0                OP_st_word
 .text.OP_st_dword
                0x08015814       0x44 build\components\finsh\libfinsh.a(finsh_ops.o)
                0x08015814                OP_st_dword
 .text.OP_pop   0x08015858       0x24 build\components\finsh\libfinsh.a(finsh_ops.o)
                0x08015858                OP_pop
 .text.OP_call  0x0801587c      0x418 build\components\finsh\libfinsh.a(finsh_ops.o)
                0x0801587c                OP_call
 .text.proc_variable_decl
                0x08015c94      0x2c4 build\components\finsh\libfinsh.a(finsh_parser.o)
 .text.proc_type
                0x08015f58      0x19c build\components\finsh\libfinsh.a(finsh_parser.o)
 .text.proc_identifier
                0x080160f4       0x44 build\components\finsh\libfinsh.a(finsh_parser.o)
 .text.proc_expr_statement
                0x08016138       0x58 build\components\finsh\libfinsh.a(finsh_parser.o)
 .text.proc_expr
                0x08016190       0x18 build\components\finsh\libfinsh.a(finsh_parser.o)
 .text.proc_assign_expr
                0x080161a8       0x4c build\components\finsh\libfinsh.a(finsh_parser.o)
 .text.proc_inclusive_or_expr
                0x080161f4       0x68 build\components\finsh\libfinsh.a(finsh_parser.o)
 .text.proc_exclusive_or_expr
                0x0801625c       0x68 build\components\finsh\libfinsh.a(finsh_parser.o)
 .text.proc_and_expr
                0x080162c4       0x68 build\components\finsh\libfinsh.a(finsh_parser.o)
 .text.proc_shift_expr
                0x0801632c       0x90 build\components\finsh\libfinsh.a(finsh_parser.o)
 .text.proc_additive_expr
                0x080163bc       0x90 build\components\finsh\libfinsh.a(finsh_parser.o)
 .text.proc_multiplicative_expr
                0x0801644c       0xa8 build\components\finsh\libfinsh.a(finsh_parser.o)
 .text.proc_cast_expr
                0x080164f4       0x74 build\components\finsh\libfinsh.a(finsh_parser.o)
 .text.proc_unary_expr
                0x08016568      0x104 build\components\finsh\libfinsh.a(finsh_parser.o)
 .text.proc_postfix_expr
                0x0801666c       0xd0 build\components\finsh\libfinsh.a(finsh_parser.o)
 .text.proc_primary_expr
                0x0801673c      0x14c build\components\finsh\libfinsh.a(finsh_parser.o)
 .text.proc_param_list
                0x08016888       0x74 build\components\finsh\libfinsh.a(finsh_parser.o)
 .text.make_sys_node
                0x080168fc       0x44 build\components\finsh\libfinsh.a(finsh_parser.o)
 .text.finsh_parser_run
                0x08016940      0x150 build\components\finsh\libfinsh.a(finsh_parser.o)
                0x08016940                finsh_parser_run
 .text.finsh_parser_init
                0x08016a90       0x1c build\components\finsh\libfinsh.a(finsh_parser.o)
                0x08016a90                finsh_parser_init
 .text.finsh_token_init
                0x08016aac       0x24 build\components\finsh\libfinsh.a(finsh_token.o)
                0x08016aac                finsh_token_init
 .text.finsh_token_token
                0x08016ad0       0x2c build\components\finsh\libfinsh.a(finsh_token.o)
                0x08016ad0                finsh_token_token
 .text.token_get_string
                0x08016afc       0xa8 build\components\finsh\libfinsh.a(finsh_token.o)
                0x08016afc                token_get_string
 .text.token_next_char
                0x08016ba4       0x68 build\components\finsh\libfinsh.a(finsh_token.o)
 .text.token_prev_char
                0x08016c0c       0x30 build\components\finsh\libfinsh.a(finsh_token.o)
 .text.token_run
                0x08016c3c      0x344 build\components\finsh\libfinsh.a(finsh_token.o)
 .text.token_match_name
                0x08016f80       0x5c build\components\finsh\libfinsh.a(finsh_token.o)
 .text.token_trim_space
                0x08016fdc       0x2c build\components\finsh\libfinsh.a(finsh_token.o)
 .text.token_proc_char
                0x08017008       0xd8 build\components\finsh\libfinsh.a(finsh_token.o)
 .text.token_proc_string
                0x080170e0       0x70 build\components\finsh\libfinsh.a(finsh_token.o)
 .text.token_proc_escape
                0x08017150      0x124 build\components\finsh\libfinsh.a(finsh_token.o)
 .text.token_proc_number
                0x08017274      0x1d0 build\components\finsh\libfinsh.a(finsh_token.o)
 .text.token_spec_number
                0x08017444      0x100 build\components\finsh\libfinsh.a(finsh_token.o)
 .text.finsh_heap_init
                0x08017544       0x54 build\components\finsh\libfinsh.a(finsh_heap.o)
                0x08017544                finsh_heap_init
 .text.finsh_heap_allocate
                0x08017598       0xb8 build\components\finsh\libfinsh.a(finsh_heap.o)
                0x08017598                finsh_heap_allocate
 .text.finsh_heap_free
                0x08017650       0x40 build\components\finsh\libfinsh.a(finsh_heap.o)
                0x08017650                finsh_heap_free
 .text.finsh_heap_gc
                0x08017690       0x90 build\components\finsh\libfinsh.a(finsh_heap.o)
 .text.finsh_block_insert
                0x08017720       0x80 build\components\finsh\libfinsh.a(finsh_heap.o)
 .text.finsh_block_remove
                0x080177a0       0x5c build\components\finsh\libfinsh.a(finsh_heap.o)
 .text.finsh_block_split
                0x080177fc       0x44 build\components\finsh\libfinsh.a(finsh_heap.o)
 .text.finsh_block_merge
                0x08017840       0xe4 build\components\finsh\libfinsh.a(finsh_heap.o)
 .text.isprint  0x08017924       0x30 build\components\libc\minilibc\ctype.o
                0x08017924                isprint
 .text.isalpha  0x08017954       0x28 build\components\libc\minilibc\ctype.o
                0x08017954                isalpha
 .text.atoi     0x0801797c       0x88 build\components\libc\minilibc\stdlib.o
                0x0801797c                atoi
 .text.strncpy  0x08017a04       0x20 build\components\libc\minilibc\string.o
                0x08017a04                strncpy
 .text.strcmp   0x08017a24       0x44 build\components\libc\minilibc\string.o
                0x08017a24                strcmp
 .text.strncmp  0x08017a68       0x4c build\components\libc\minilibc\string.o
                0x08017a68                strncmp
 .text.strcat   0x08017ab4       0x44 build\components\libc\minilibc\string.o
                0x08017ab4                strcat
 .text.skip_atoi
                0x08017af8       0x40 build\components\libc\minilibc\string.o
 .text.__toupper
                0x08017b38       0x34 build\components\libc\minilibc\string.o
 .text.toupper  0x08017b6c       0x1c build\components\libc\minilibc\string.o
                0x08017b6c                toupper
 .text.simple_strtoul
                0x08017b88       0xf8 build\components\libc\minilibc\string.o
                0x08017b88                simple_strtoul
 .text.simple_strtol
                0x08017c80       0x3c build\components\libc\minilibc\string.o
                0x08017c80                simple_strtol
 .text.simple_strtoull
                0x08017cbc      0x138 build\components\libc\minilibc\string.o
                0x08017cbc                simple_strtoull
 .text.simple_strtoll
                0x08017df4       0x48 build\components\libc\minilibc\string.o
                0x08017df4                simple_strtoll
 .text.vsscanf  0x08017e3c      0x628 build\components\libc\minilibc\string.o
                0x08017e3c                vsscanf
 .text.sscanf   0x08018464       0x2c build\components\libc\minilibc\string.o
                0x08018464                sscanf
 .text.strchr   0x08018490       0x48 build\components\libc\minilibc\string.o
                0x08018490                strchr
 .text.__isleap
                0x080184d8       0x68 build\components\libc\minilibc\time.o
                0x080184d8                __isleap
 .text.gmtime_r
                0x08018540      0x178 build\components\libc\minilibc\time.o
                0x08018540                gmtime_r
 .text.localtime_r
                0x080186b8       0x5c build\components\libc\minilibc\time.o
                0x080186b8                localtime_r
 .text.localtime
                0x08018714       0x20 build\components\libc\minilibc\time.o
                0x08018714                localtime
 .text.timegm   0x08018734      0x29c build\components\libc\minilibc\time.o
                0x08018734                timegm
 .text.mktime   0x080189d0       0x54 build\components\libc\minilibc\time.o
                0x080189d0                mktime
 .text.num2str  0x08018a24       0x5c build\components\libc\minilibc\time.o
 .text.asctime_r
                0x08018a80      0x120 build\components\libc\minilibc\time.o
                0x08018a80                asctime_r
 .text.asctime  0x08018ba0       0x20 build\components\libc\minilibc\time.o
                0x08018ba0                asctime
 .text.ctime    0x08018bc0       0x20 build\components\libc\minilibc\time.o
                0x08018bc0                ctime
 .text.gettimeofday
                0x08018be0       0x50 build\components\libc\minilibc\time.o
                0x08018be0                gettimeofday
 .text.rtgui_region_init
                0x08018c30       0x30 build\components\rtgui\common\region.o
                0x08018c30                rtgui_region_init
 .text.rtgui_region_init_with_extents
                0x08018c60       0x24 build\components\rtgui\common\region.o
                0x08018c60                rtgui_region_init_with_extents
 .text.rtgui_region_fini
                0x08018c84       0x2c build\components\rtgui\common\region.o
                0x08018c84                rtgui_region_fini
 .text.rtgui_region_num_rects
                0x08018cb0       0x28 build\components\rtgui\common\region.o
                0x08018cb0                rtgui_region_num_rects
 .text.rtgui_break
                0x08018cd8       0x4c build\components\rtgui\common\region.o
 .text.rtgui_rect_alloc
                0x08018d24       0xf0 build\components\rtgui\common\region.o
 .text.rtgui_region_copy
                0x08018e14       0xfc build\components\rtgui\common\region.o
                0x08018e14                rtgui_region_copy
 .text.rtgui_coalesce
                0x08018f10      0x10c build\components\rtgui\common\region.o
 .text.rtgui_region_appendNonO
                0x0801901c      0x150 build\components\rtgui\common\region.o
 .text.rtgui_op
                0x0801916c      0x6d8 build\components\rtgui\common\region.o
 .text.rtgui_set_extents
                0x08019844      0x128 build\components\rtgui\common\region.o
 .text.rtgui_region_intersectO
                0x0801996c      0x1b8 build\components\rtgui\common\region.o
 .text.rtgui_region_intersect
                0x08019b24      0x264 build\components\rtgui\common\region.o
                0x08019b24                rtgui_region_intersect
 .text.rtgui_region_intersect_rect
                0x08019d88       0x40 build\components\rtgui\common\region.o
                0x08019d88                rtgui_region_intersect_rect
 .text.rtgui_region_unionO
                0x08019dc8      0x590 build\components\rtgui\common\region.o
 .text.rtgui_region_union_rect
                0x0801a358       0x40 build\components\rtgui\common\region.o
                0x0801a358                rtgui_region_union_rect
 .text.rtgui_region_union
                0x0801a398      0x1fc build\components\rtgui\common\region.o
                0x0801a398                rtgui_region_union
 .text.rtgui_region_subtractO
                0x0801a594      0x400 build\components\rtgui\common\region.o
 .text.rtgui_region_subtract
                0x0801a994      0x114 build\components\rtgui\common\region.o
                0x0801a994                rtgui_region_subtract
 .text.rtgui_region_subtract_rect
                0x0801aaa8       0x40 build\components\rtgui\common\region.o
                0x0801aaa8                rtgui_region_subtract_rect
 .text.rtgui_region_reset
                0x0801aae8       0x34 build\components\rtgui\common\region.o
                0x0801aae8                rtgui_region_reset
 .text.rtgui_region_contains_point
                0x0801ab1c       0xe8 build\components\rtgui\common\region.o
                0x0801ab1c                rtgui_region_contains_point
 .text.rtgui_region_not_empty
                0x0801ac04       0x2c build\components\rtgui\common\region.o
                0x0801ac04                rtgui_region_not_empty
 .text.rtgui_region_is_flat
                0x0801ac30       0x38 build\components\rtgui\common\region.o
                0x0801ac30                rtgui_region_is_flat
 .text.rtgui_rect_moveto
                0x0801ac68       0x68 build\components\rtgui\common\region.o
                0x0801ac68                rtgui_rect_moveto
 .text.rtgui_rect_moveto_align
                0x0801acd0      0x170 build\components\rtgui\common\region.o
                0x0801acd0                rtgui_rect_moveto_align
 .text.rtgui_rect_inflate
                0x0801ae40       0x64 build\components\rtgui\common\region.o
                0x0801ae40                rtgui_rect_inflate
 .text.rtgui_rect_contains_point
                0x0801aea4       0x50 build\components\rtgui\common\region.o
                0x0801aea4                rtgui_rect_contains_point
 .text.rtgui_rect_is_intersect
                0x0801aef4      0x2ac build\components\rtgui\common\region.o
                0x0801aef4                rtgui_rect_is_intersect
 .text.rtgui_rect_is_equal
                0x0801b1a0       0x3c build\components\rtgui\common\region.o
                0x0801b1a0                rtgui_rect_is_equal
 .text._rtgui_object_constructor
                0x0801b1dc       0x20 build\components\rtgui\common\rtgui_object.o
 .text._rtgui_object_destructor
                0x0801b1fc       0x14 build\components\rtgui\common\rtgui_object.o
 .text.rtgui_type_object_construct
                0x0801b210       0x34 build\components\rtgui\common\rtgui_object.o
                0x0801b210                rtgui_type_object_construct
 .text.rtgui_type_destructors_call
                0x0801b244       0x34 build\components\rtgui\common\rtgui_object.o
                0x0801b244                rtgui_type_destructors_call
 .text.rtgui_type_inherits_from
                0x0801b278       0x38 build\components\rtgui\common\rtgui_object.o
                0x0801b278                rtgui_type_inherits_from
 .text.rtgui_object_create
                0x0801b2b0       0x48 build\components\rtgui\common\rtgui_object.o
                0x0801b2b0                rtgui_object_create
 .text.rtgui_object_destroy
                0x0801b2f8       0x64 build\components\rtgui\common\rtgui_object.o
                0x0801b2f8                rtgui_object_destroy
 .text.rtgui_system_server_init
                0x0801b35c       0x1c build\components\rtgui\common\rtgui_system.o
                0x0801b35c                rtgui_system_server_init
 .text.rtgui_thread_register
                0x0801b378       0x40 build\components\rtgui\common\rtgui_system.o
                0x0801b378                rtgui_thread_register
 .text.rtgui_thread_deregister
                0x0801b3b8       0x28 build\components\rtgui\common\rtgui_system.o
                0x0801b3b8                rtgui_thread_deregister
 .text.rtgui_thread_self
                0x0801b3e0       0x1c build\components\rtgui\common\rtgui_system.o
                0x0801b3e0                rtgui_thread_self
 .text.rtgui_thread_get_server
                0x0801b3fc       0x18 build\components\rtgui\common\rtgui_system.o
                0x0801b3fc                rtgui_thread_get_server
 .text.rtgui_thread_set_widget
                0x0801b414       0x24 build\components\rtgui\common\rtgui_system.o
                0x0801b414                rtgui_thread_set_widget
 .text.rtgui_thread_send
                0x0801b438       0x6c build\components\rtgui\common\rtgui_system.o
                0x0801b438                rtgui_thread_send
 .text.rtgui_thread_send_urgent
                0x0801b4a4       0x4c build\components\rtgui\common\rtgui_system.o
                0x0801b4a4                rtgui_thread_send_urgent
 .text.rtgui_thread_send_sync
                0x0801b4f0       0xb8 build\components\rtgui\common\rtgui_system.o
                0x0801b4f0                rtgui_thread_send_sync
 .text.rtgui_thread_ack
                0x0801b5a8       0x30 build\components\rtgui\common\rtgui_system.o
                0x0801b5a8                rtgui_thread_ack
 .text.rtgui_thread_recv
                0x0801b5d8       0x40 build\components\rtgui\common\rtgui_system.o
                0x0801b5d8                rtgui_thread_recv
 .text.rtgui_thread_recv_nosuspend
                0x0801b618       0x3c build\components\rtgui\common\rtgui_system.o
                0x0801b618                rtgui_thread_recv_nosuspend
 .text.rtgui_thread_recv_filter
                0x0801b654       0x7c build\components\rtgui\common\rtgui_system.o
                0x0801b654                rtgui_thread_recv_filter
 .text.rtgui_time_out
                0x0801b6d0       0x30 build\components\rtgui\common\rtgui_system.o
 .text.rtgui_timer_create
                0x0801b700       0x5c build\components\rtgui\common\rtgui_system.o
                0x0801b700                rtgui_timer_create
 .text.rtgui_timer_destory
                0x0801b75c       0x58 build\components\rtgui\common\rtgui_system.o
                0x0801b75c                rtgui_timer_destory
 .text.rtgui_timer_start
                0x0801b7b4       0x4c build\components\rtgui\common\rtgui_system.o
                0x0801b7b4                rtgui_timer_start
 .text.rtgui_timer_stop
                0x0801b800       0x4c build\components\rtgui\common\rtgui_system.o
                0x0801b800                rtgui_timer_stop
 .text.rtgui_malloc
                0x0801b84c       0x1c build\components\rtgui\common\rtgui_system.o
                0x0801b84c                rtgui_malloc
 .text.rtgui_realloc
                0x0801b868       0x20 build\components\rtgui\common\rtgui_system.o
                0x0801b868                rtgui_realloc
 .text.rtgui_free
                0x0801b888       0x14 build\components\rtgui\common\rtgui_system.o
                0x0801b888                rtgui_free
 .text.rtgui_dc_draw_vline
                0x0801b89c       0x24 build\components\rtgui\common\rtgui_theme.o
 .text.rtgui_dc_draw_hline
                0x0801b8c0       0x24 build\components\rtgui\common\rtgui_theme.o
 .text.rtgui_dc_fill_rect
                0x0801b8e4       0x1c build\components\rtgui\common\rtgui_theme.o
 .text.rtgui_system_theme_init
                0x0801b900       0x14 build\components\rtgui\common\rtgui_theme.o
                0x0801b900                rtgui_system_theme_init
 .text.rtgui_theme_draw_win
                0x0801b914      0x3ac build\components\rtgui\common\rtgui_theme.o
                0x0801b914                rtgui_theme_draw_win
 .text.rtgui_theme_draw_label
                0x0801bcc0       0x50 build\components\rtgui\common\rtgui_theme.o
                0x0801bcc0                rtgui_theme_draw_label
 .text.rtgui_theme_draw_textbox
                0x0801bd10      0x160 build\components\rtgui\common\rtgui_theme.o
                0x0801bd10                rtgui_theme_draw_textbox
 .text.rtgui_dc_draw_point
                0x0801be70       0x20 build\components\rtgui\common\dc.o
 .text.rtgui_dc_draw_vline
                0x0801be90       0x24 build\components\rtgui\common\dc.o
 .text.rtgui_dc_draw_hline
                0x0801beb4       0x24 build\components\rtgui\common\dc.o
 .text.rtgui_dc_get_gc
                0x0801bed8       0x1c build\components\rtgui\common\dc.o
 .text.rtgui_dc_draw_horizontal_line
                0x0801bef4       0x7c build\components\rtgui\common\dc.o
                0x0801bef4                rtgui_dc_draw_horizontal_line
 .text.rtgui_dc_draw_rect
                0x0801bf70       0x74 build\components\rtgui\common\dc.o
                0x0801bf70                rtgui_dc_draw_rect
 .text.rtgui_dc_draw_shaded_rect
                0x0801bfe4       0xc4 build\components\rtgui\common\dc.o
                0x0801bfe4                rtgui_dc_draw_shaded_rect
 .text.rtgui_dc_draw_text
                0x0801c0a8       0xa8 build\components\rtgui\common\dc.o
                0x0801c0a8                rtgui_dc_draw_text
 .text.rtgui_dc_draw_mono_bmp
                0x0801c150       0xa0 build\components\rtgui\common\dc.o
                0x0801c150                rtgui_dc_draw_mono_bmp
 .text.rtgui_dc_draw_word
                0x0801c1f0       0x28 build\components\rtgui\common\dc.o
                0x0801c1f0                rtgui_dc_draw_word
 .text.rtgui_dc_draw_border
                0x0801c218      0x1b0 build\components\rtgui\common\dc.o
                0x0801c218                rtgui_dc_draw_border
 .text.rtgui_dc_fill_circle
                0x0801c3c8      0x1c4 build\components\rtgui\common\dc.o
                0x0801c3c8                rtgui_dc_fill_circle
 .text.rtgui_dc_hw_create
                0x0801c58c      0x164 build\components\rtgui\common\dc_hw.o